........................................................................ [ 67%]
..................................                                       [100%]
106 passed in 1.04s
